[nathanserror.com/index.html]
[backblue.gif]
[fade.gif]
[index.html]
[cdn.jsdelivr.net/npm/bootstrap@5.3.0/dist/css/bootstrap.min.css]
[nathanserror.com/portfolio/icon-portfolio.png]
[nathanserror.com/icofont/icofont.min.css]
[nathanserror.com/assets/vendor/aos/aos.css]
[nathanserror.com/assets/vendor/bootstrap/css/bootstrap.min.css]
[nathanserror.com/assets/vendor/bootstrap-icons/bootstrap-icons.css]
[nathanserror.com/assets/vendor/boxicons/css/boxicons.min.css]
[nathanserror.com/assets/vendor/glightbox/css/glightbox.min.css]
[nathanserror.com/assets/vendor/swiper/swiper-bundle.min.css]
[nathanserror.com/portfolio/css/portfolio.css]
[nathanserror.com/portfolio/js/main.js]
[cdnjs.cloudflare.com/ajax/libs/jquery/2.1.3/jquery.min.js]
[nathanserror.com/portfolio/js/flip-box.js]
[nathanserror.com/particles.js-master/app.js]
[nathanserror.com/particles.js-master/package.json]
[nathanserror.com/particles.js-master/particles.js]
[nathanserror.com/particles.js-master/particles.min.js]
[nathanserror.com/particles.js-master/particles.json]
[cdn.jsdelivr.net/npm/@popperjs/core@2.11.8/dist/umd/popper.min.js]
[cdn.jsdelivr.net/npm/bootstrap@5.3.0/dist/js/bootstrap.min.js]
[cdn.jsdelivr.net/npm/bootstrap@5.3.0/dist/js/bootstrap.bundle.min.js]
[nathanserror.com/login.html]
[moment.github.io/luxon/global/luxon.js]
[nathanserror.com/index-2.html]
[nathanserror.com/projets/epreuve-E4.html]
[nathanserror.com/projets/epreuve-E5.html]
[nathanserror.com/portfolio/img/home page/background-home.png]
[cdn-icons-png.flaticon.com/512/2985/2985150.png]
[nathanserror.com/portfolio/docs/CV Nathan SERROR.pdf]
[nathanserror.com/stage/stage.html]
[nathanserror.com/portfolio/img/logo/logo-foliateam2.png]
[nathanserror.com/portfolio/img/background/background.png]
[nathanserror.com/portfolio/img/diplômes - certifications/Certification-PIX-cut.png]
[nathanserror.com/portfolio/img/diplômes - certifications/Certification-PIX.png]
[nathanserror.com/portfolio/img/diplômes - certifications/Certification-PIX.pdf]
[nathanserror.com/portfolio/img/diplômes - certifications/MRT-LINUX-CERTIFICATE.jpg]
[nathanserror.com/portfolio/img/diplômes - certifications/MRT-LINUX-CERTIFICATE.pdf]
[nathanserror.com/portfolio/img/diplômes - certifications/Certification-CISCO-Computer-Hardware-Basics-Badge.jpg]
[nathanserror.com/portfolio/img/diplômes - certifications/Certification-CISCO-Computer-Hardware-Basics-Badge.pdf]
[nathanserror.com/portfolio/img/diplômes - certifications/Certification-CISCO-Introduction-to-Cybersecurity-Badge.png]
[nathanserror.com/portfolio/img/diplômes - certifications/Certification-CISCO-Introduction-to-Cybersecurity-Badge.pdf]
[nathanserror.com/portfolio/img/diplômes - certifications/Certification-CISCO -Introduction-to-Packet-Tracer-Badge.png]
[nathanserror.com/portfolio/img/diplômes - certifications/Certification-CISCO -Introduction-to-Packet-Tracer-Badge.pdf]
[nathanserror.com/portfolio/img/diplômes - certifications/MOOC-ANSSI.png]
[nathanserror.com/portfolio/img/diplômes - certifications/MOOC-ANSSI.pdf]
[nathanserror.com/portfolio/img/diplômes - certifications/MOOC-RGPD-CNIL-1.png]
[nathanserror.com/portfolio/img/diplômes - certifications/Certificat de suivi - MODULE 1.png]
[nathanserror.com/portfolio/img/diplômes - certifications/Certificat de suivi - MODULE 1.pdf]
[nathanserror.com/portfolio/img/diplômes - certifications/MOOC-RGPD-CNIL-2.png]
[nathanserror.com/portfolio/img/diplômes - certifications/Certificat de suivi - MODULE 2.png]
[nathanserror.com/portfolio/img/diplômes - certifications/Certificat de suivi - MODULE 2.pdf]
[nathanserror.com/portfolio/img/diplômes - certifications/MOOC-RGPD-CNIL-3.png]
[nathanserror.com/portfolio/img/diplômes - certifications/Certificat de suivi - MODULE 3.png]
[nathanserror.com/portfolio/img/diplômes - certifications/Certificat de suivi - MODULE 3.pdf]
[nathanserror.com/portfolio/img/diplômes - certifications/MOOC-RGPD-CNIL-4.png]
[nathanserror.com/portfolio/img/diplômes - certifications/Certificat de suivi - MODULE 4.png]
[nathanserror.com/portfolio/img/diplômes - certifications/Certificat de suivi - MODULE 4.pdf]
[nathanserror.com/portfolio/img/diplômes - certifications/MOOC-RGPD-CNIL-5.png]
[nathanserror.com/portfolio/img/diplômes - certifications/Certificat de suivi - MODULE 5.png]
[nathanserror.com/portfolio/img/diplômes - certifications/Certificat de suivi - MODULE 5.pdf]
[nathanserror.com/portfolio/img/diplômes - certifications/Introduction-to-HTML.png]
[nathanserror.com/portfolio/img/diplômes - certifications/Introduction-to-HTML.pdf]
[nathanserror.com/portfolio/img/diplômes - certifications/Introduction-to-CSS.png]
[nathanserror.com/portfolio/img/diplômes - certifications/Introduction-to-CSS.pdf]
[nathanserror.com/portfolio/img/diplômes - certifications/Introduction-to-Python.jpg]
[nathanserror.com/portfolio/img/diplômes - certifications/Introduction-to-Python.pdf]
[nathanserror.com/portfolio/img/diplômes - certifications/Introduction-to-JavaScript.jpg]
[nathanserror.com/portfolio/img/diplômes - certifications/Introduction-to-JavaScript.pdf]
[nathanserror.com/portfolio/img/diplômes - certifications/Google-Cybersecurity-Certificat-Professionnel.png]
[nathanserror.com/portfolio/img/diplômes - certifications/Google-Cybersecurity-Certificat-Professionnel.pdf]
[nathanserror.com/portfolio/img/icons langages/HTML-icon.png]
[nathanserror.com/portfolio/img/icons langages/CSS-icon.png]
[nathanserror.com/portfolio/img/icons langages/JS-icon.png]
[nathanserror.com/portfolio/img/icons langages/JAVA-icon.png]
[nathanserror.com/portfolio/img/icons langages/PHP-icon.png]
[nathanserror.com/portfolio/img/icons langages/SQL-icon.png]
[nathanserror.com/portfolio/img/icons langages/LINUX-icon.png]
[nathanserror.com/portfolio/img/icons langages/PYHTON.png]
[nathanserror.com/portfolio/img/icons logiciel/cisco-icon.png]
[nathanserror.com/portfolio/img/icons logiciel/ccna-icon.png]
[nathanserror.com/portfolio/img/icons logiciel/azure-icon.png]
[nathanserror.com/portfolio/img/icons logiciel/vmware-icon.png]
[nathanserror.com/portfolio/img/icons logiciel/oracleVM-icon.png]
[nathanserror.com/portfolio/img/icons logiciel/mobaxterm-icon.png]
[nathanserror.com/portfolio/img/icons logiciel/putty-icon.png]
[nathanserror.com/portfolio/img/icons logiciel/PacketTracer-icon.png]
[nathanserror.com/portfolio/img/icons logiciel/PhpStorm-icon.png]
[nathanserror.com/portfolio/img/icons logiciel/intellij-icon.png]
[nathanserror.com/portfolio/img/icons logiciel/github-icon.png]
[nathanserror.com/portfolio/img/icons logiciel/gitbash-icon.png]
[nathanserror.com/portfolio/img/icons logiciel/mysql-icon.png]
[nathanserror.com/portfolio/img/icons logiciel/xampp-icon.png]
[nathanserror.com/portfolio/docs/documentations-img/debian.png]
[nathanserror.com/portfolio/docs/documentations-pdf/Documentation-Installation Debian 12.1.0.pdf]
[nathanserror.com/portfolio/docs/documentations-img/SSH.png]
[nathanserror.com/portfolio/docs/documentations-pdf/Documentation-Installation et Configuration SSH sur Debian.pdf]
[nathanserror.com/portfolio/docs/documentations-img/GLPI.png]
[nathanserror.com/portfolio/docs/documentations-pdf/Documentation-Installation GLPI sur Debian.pdf]
[nathanserror.com/portfolio/docs/documentations-img/win-server.png]
[nathanserror.com/portfolio/docs/documentations-pdf/Documentation-Installation Windows Server 2022.pdf]
[nathanserror.com/portfolio/docs/documentations-img/ADDS.png]
[nathanserror.com/portfolio/docs/documentations-pdf/Documentation-Installation Active Directory (AD DS) Windows Server 2022.pdf]
[nathanserror.com/portfolio/docs/documentations-img/LDAP.png]
[nathanserror.com/portfolio/docs/documentations-pdf/Documentation-Configuration Liaison LDAP GLPI et AD DS.pdf]
[nathanserror.com/portfolio/docs/documentations-img/GPO.png]
[nathanserror.com/portfolio/docs/documentations-pdf/Documentation-Configuration par GPO de l'Agent-GLPI.pdf]
[nathanserror.com/portfolio/docs/documentations-img/cisco_vlan.jpg]
[nathanserror.com/portfolio/docs/documentations-pdf/Doc_cisco_vlan.pdf]
[nathanserror.com/portfolio/docs/documentations-img/cisco_intervlan.jpg]
[nathanserror.com/portfolio/docs/documentations-pdf/Doc_cisco_intervlan.pdf]
[nathanserror.com/portfolio/docs/documentations-img/cisco_vtp.jpg]
[nathanserror.com/portfolio/docs/documentations-pdf/Doc_cisco_vtp.pdf]
[nathanserror.com/projets/img/portfolio.png]
[nathanserror.com/projets/projet-portfolio.html]
[nathanserror.com/projets/img/smartcity.png]
[nathanserror.com/projets/projet-smartcity.html]
[nathanserror.com/projets/img/helport.png]
[nathanserror.com/projets/projet-HelpORT.html]
[nathanserror.com/portfolio/img/bts sio/sisr-img.png]
[nathanserror.com/portfolio/img/bts sio/slam-img.png]
[nathanserror.com/assets/vendor/purecounter/purecounter_vanilla.js]
[nathanserror.com/assets/vendor/aos/aos.js]
[nathanserror.com/assets/vendor/bootstrap/js/bootstrap.bundle.min.js]
[nathanserror.com/assets/vendor/glightbox/js/glightbox.min.js]
[nathanserror.com/assets/vendor/isotope-layout/isotope.pkgd.min.js]
[nathanserror.com/assets/vendor/swiper/swiper-bundle.min.js]
[nathanserror.com/assets/vendor/typed.js/typed.umd.js]
[nathanserror.com/assets/vendor/waypoints/noframework.waypoints.js]
[nathanserror.com/assets/vendor/php-email-form/validate.js]
[nathanserror.com/index.html]
[cdn.jsdelivr.net/npm/bootstrap@5.3.0/dist/css/bootstrap.min.css]
[nathanserror.com/icofont/fonts/icofont.woff2]
[nathanserror.com/icofont/fonts/icofont.woff]
[nathanserror.com/icofont/icofont.min.css]
[nathanserror.com/assets/vendor/aos/aos.css]
[nathanserror.com/assets/vendor/bootstrap/css/bootstrap.min.css]
[nathanserror.com/assets/vendor/bootstrap-icons/fonts/bootstrap-iconse52a.woff2]
[nathanserror.com/assets/vendor/bootstrap-icons/fonts/bootstrap-iconse52a.woff]
[nathanserror.com/assets/vendor/bootstrap-icons/bootstrap-icons.css]
[nathanserror.com/assets/vendor/boxicons/fonts/boxicons.eot]
[nathanserror.com/assets/vendor/boxicons/fonts/boxicons.woff2]
[nathanserror.com/assets/vendor/boxicons/fonts/boxicons.woff]
[nathanserror.com/assets/vendor/boxicons/fonts/boxicons.ttf]
[nathanserror.com/assets/vendor/boxicons/css/boxicons.min.css]
[nathanserror.com/assets/vendor/glightbox/css/glightbox.min.css]
[nathanserror.com/assets/vendor/swiper/swiper-bundle.min.css]
[nathanserror.com/portfolio/css/portfolio.css]
[nathanserror.com/assets/vendor/boxicons/fonts/boxiconsd41d.svg]
[nathanserror.com/portfolio/css/login.css]
[nathanserror.com/portfolio/js/login.js]
[nathanserror.com/portfolio/img/logo/person-fill-lock.svg]
[nathanserror.com/login.html]
[nathanserror.com/index-2.html]
[cdnjs.cloudflare.com/ajax/libs/normalize/5.0.0/normalize.min.css]
[nathanserror.com/stage/css/stage.css]
[nathanserror.com/stage/css/btn-mission.css]
[nathanserror.com/projets/img/E4.png]
[nathanserror.com/stage/css/btn-download.css]
[nathanserror.com/portfolio/docs/Tableau de synthèse Nathan SERROR - Epreuve E4 - BTS SIO 2024.pdf]
[nathanserror.com/projets/css/btn-download.css]
[s3-us-west-2.amazonaws.com/s.cdpn.io/16327/gsap-latest-beta.min.js]
[nathanserror.com/projets/epreuve-E4.html]
[nathanserror.com/stage/js/btn-download.js]
[nathanserror.com/projets/img/E5.png]
[nathanserror.com/portfolio/docs/]
[nathanserror.com/projets/epreuve-E5.html]
[nathanserror.com/stage/epreuve-E4.html]
[nathanserror.com/stage/epreuve-E5.html]
[nathanserror.com/portfolio/img/foliateam/foliateam1.png]
[nathanserror.com/portfolio/img/foliateam/foliateam2.png]
[nathanserror.com/portfolio/img/foliateam/foliateam3.png]
[nathanserror.com/stage/js/stage.js]
[nathanserror.com/stage/js/menu-deroulant.js]
[nathanserror.com/portfolio/img/icons app stage/stormshield.png]
[nathanserror.com/portfolio/img/icons app stage/fortinet-icon.png]
[nathanserror.com/portfolio/img/icons app stage/wireshark-icon.png]
[nathanserror.com/portfolio/img/icons app stage/alcatel-icon.png]
[nathanserror.com/portfolio/img/icons app stage/aruba.png]
[nathanserror.com/portfolio/img/icons app stage/juniper-icon.png]
[nathanserror.com/portfolio/img/icons app stage/cisco-icon.png]
[nathanserror.com/portfolio/img/icons app stage/ucopia-icon.png]
[nathanserror.com/portfolio/img/icons app stage/mikrotik-icon.png]
[nathanserror.com/portfolio/img/icons app stage/inssider-icon.png]
[nathanserror.com/portfolio/img/icons app stage/mitel.png]
[nathanserror.com/portfolio/img/icons app stage/glpi-icon.png]
[nathanserror.com/portfolio/img/icons app stage/wipsos-icon.png]
[nathanserror.com/portfolio/img/icons app stage/centreon-icon.png]
[nathanserror.com/portfolio/img/icons app stage/bitlocker-icon.png]
[nathanserror.com/portfolio/img/icons app stage/mailinblack-icon.png]
[nathanserror.com/portfolio/img/missions/windows.png]
[nathanserror.com/portfolio/img/missions/config_PC.jpg]
[nathanserror.com/portfolio/img/missions/switch.png]
[nathanserror.com/portfolio/img/missions/baie_geneo1.jpg]
[nathanserror.com/portfolio/img/missions/baie_geneo2.jpg]
[nathanserror.com/portfolio/img/missions/ucopia.png]
[nathanserror.com/portfolio/img/missions/switch6450.jpg]
[nathanserror.com/portfolio/img/missions/baie-SR.jpg]
[nathanserror.com/portfolio/img/missions/ruckus.jpg]
[nathanserror.com/portfolio/img/missions/borne_alcatel.png]
[nathanserror.com/portfolio/img/missions/borne_ruckus.png]
[nathanserror.com/portfolio/img/missions/support.png]
[nathanserror.com/portfolio/img/missions/audit_wifi.jpg]
[nathanserror.com/portfolio/img/missions/ekahau.png]
[nathanserror.com/portfolio/img/missions/ekahau_maps.png]
[nathanserror.com/portfolio/img/missions/cybersecurite.jpg]
[nathanserror.com/portfolio/img/missions/mikrotik.png]
[nathanserror.com/portfolio/img/missions/mikrotik2.jpg]
[nathanserror.com/portfolio/img/missions/switch_HP-procurve_24P.png]
[nathanserror.com/portfolio/img/missions/switch_HP-Procurve_48P.png]
[nathanserror.com/portfolio/img/missions/portail_aruba.jpg]
[nathanserror.com/portfolio/img/missions/portail_alacatel.png]
[nathanserror.com/stage/stage.html]
[cdnjs.cloudflare.com/ajax/libs/bootstrap/5.1.3/css/bootstrap.min.css]
[nathanserror.com/projets/img/portfolio1.png]
[nathanserror.com/projets/img/portfolio2.png]
[nathanserror.com/projets/img/portfolio3.png]
[nathanserror.com/projets/projet-portfolio.html]
[nathanserror.com/projets/img/smartcity1.png]
[nathanserror.com/projets/docs-projet/Compte-rendu Smart city.pdf]
[nathanserror.com/projets/docs-projet/Smart City.pkt]
[nathanserror.com/projets/projet-smartcity.html]
[nathanserror.com/projets/img/helport1.png]
[nathanserror.com/projets/img/helport2.png]
[nathanserror.com/projets/img/helport3.png]
[nathanserror.com/projets/img/helport4.png]
[nathanserror.com/projets/img/helport5.png]
[nathanserror.com/projets/img/helport6.png]
[nathanserror.com/projets/img/helport7.png]
[nathanserror.com/projets/img/helport8.png]
[nathanserror.com/projets/img/helport9.png]
[nathanserror.com/projets/img/helport10.png]
[nathanserror.com/projets/img/helport11.png]
[nathanserror.com/projets/img/helport12.png]
[nathanserror.com/projets/docs-projet/Projet HelpORT.pdf]
[nathanserror.com/projets/docs-projet/Présentation du contexte.pdf]
[nathanserror.com/projets/projet-HelpORT.html]
[nathanserror.com/assets/vendor/boxicons/fonts/boxiconsd41d.svg]
[nathanserror.com/portfolio/css/login.css]
[nathanserror.com/portfolio/img/logo/person-fill-lock.svg]
[cdnjs.cloudflare.com/ajax/libs/normalize/5.0.0/normalize.min.css]
[nathanserror.com/stage/css/stage.css]
[nathanserror.com/stage/css/btn-mission.css]
[nathanserror.com/stage/css/btn-download.css]
[nathanserror.com/portfolio/docs/Tableau de synthèse Nathan SERROR - Epreuve E4 - BTS SIO 2024.html]
[nathanserror.com/projets/css/btn-download.html]
[nathanserror.com/portfolio/docs/...html]
[nathanserror.com/stage/epreuve-E4.html]
[nathanserror.com/stage/epreuve-E5.html]
[cdnjs.cloudflare.com/ajax/libs/bootstrap/5.1.3/css/bootstrap.min.css]
